// Jest Snapshot v1, https://goo.gl/fbAQLP

exports[`renders component 1`] = `
.emotion-0 {
  text-align: center;
}

.emotion-1 {
  margin: 50px;
}

.emotion-2 {
  font-weight: bold;
  font-size: 18px;
}

.emotion-3 {
  margin: 25px;
}

.emotion-4 {
  font-size: 14px;
}

.emotion-7 {
  font-size: 14px;
  text-transform: uppercase;
}

<div>
  <div
    class="emotion-0"
  >
    <div
      class="emotion-1"
    >
      <div
        class="emotion-2"
      >
        Welcome to the Trivia Challenge!
      </div>
    </div>
    <div
      class="emotion-3"
    >
      <div>
        <span
          class="emotion-4"
        >
          You will be presented with 10 True or False questions.
        </span>
      </div>
      <div>
        <span
          class="emotion-4"
        >
          Can you score 100%?
        </span>
      </div>
    </div>
    <div
      class="emotion-3"
    >
      <button
        class="emotion-7"
        type="button"
      >
        Begin
      </button>
    </div>
  </div>
</div>
`;
